; tryton GtkAccelMap rc-file         -*- scheme -*-
; this file is an automated accelerator map dump
;
; (gtk_accel_path "<tryton>/Options/Check Version" "")
; (gtk_accel_path "<tryton>/Options/Toolbar/Text and Icons" "")
; (gtk_accel_path "<tryton>/Connection/Quit" "<Primary>q")
; (gtk_accel_path "<tryton>/User/Home" "<Primary>h")
; (gtk_accel_path "<tryton>/Help/Keyboard Shortcuts" "")
; (gtk_accel_path "<tryton>/Options/Modo" "")
; (gtk_accel_path "<tryton>/Options/Toolbar/Default" "")
; (gtk_accel_path "<tryton>/User/Global Search" "<Primary>k")
; (gtk_accel_path "<tryton>/Options/Mode/Normal" "")
; (gtk_accel_path "<tryton>/Options/Form/Save Tree State" "")
; (gtk_accel_path "<tryton>/Connection/Disconnect" "")
; (gtk_accel_path "<tryton>/Options/Form/Fast Tabbing" "")
; (gtk_accel_path "<tryton>/Options/Formulario" "")
; (gtk_accel_path "<tryton>/Connection/Connect" "<Primary>o")
; (gtk_accel_path "<tryton>/Form/Next" "Page_Down")
; (gtk_accel_path "<tryton>/User/Preferences" "")
; (gtk_accel_path "<tryton>/Form/Previous Tab" "<Primary>Left")
; (gtk_accel_path "<tryton>/Form/Save" "<Primary>s")
; (gtk_accel_path "<tryton>/Form/Previous" "Page_Up")
; (gtk_accel_path "<tryton>/Options/Save Options" "")
; (gtk_accel_path "<tryton>/Form/Relate" "<Primary><Shift>r")
; (gtk_accel_path "<tryton>/Form/Delete" "<Primary>d")
; (gtk_accel_path "<tryton>/User/Toggle Menu" "<Primary>t")
; (gtk_accel_path "<tryton>/Form/Switch View" "<Primary>l")
; (gtk_accel_path "<tryton>/Options/Toolbar/Text" "")
; (gtk_accel_path "<tryton>/Form/Close" "<Primary>w")
; (gtk_accel_path "<tryton>/User/Reload Menu" "<Alt>t")
; (gtk_accel_path "<tryton>/Options/Barra de herramientas" "")
; (gtk_accel_path "<tryton>/Form/Notes" "<Primary><Shift>o")
; (gtk_accel_path "<tryton>/Form/Next Tab" "<Primary>Right")
; (gtk_accel_path "<tryton>/Form/Duplicate" "<Primary><Shift>d")
; (gtk_accel_path "<tryton>/Options/Email" "")
; (gtk_accel_path "<tryton>/Form/Attachments" "<Primary><Shift>t")
; (gtk_accel_path "<tryton>/Form/New" "<Primary>n")
; (gtk_accel_path "<tryton>/Form/Search" "<Primary>f")
; (gtk_accel_path "<tryton>/Options/Search Limit" "")
; (gtk_accel_path "<tryton>/Options/Mode/PDA" "")
; (gtk_accel_path "<tryton>/Form/Reload" "<Primary>r")
; (gtk_accel_path "<tryton>/Form/Report" "<Primary>p")
; (gtk_accel_path "<tryton>/Options/Form/Save Width Height" "")
; (gtk_accel_path "<tryton>/Form/Actions" "<Primary>e")
; (gtk_accel_path "<tryton>/Options/Toolbar/Icons" "")
; (gtk_accel_path "<tryton>/Help/About" "")
